usage: cairn gc [-h] [--db PATH] [--bundle PATH] [--pin PATH] [--attest PATH]
                [--log LEVEL] [--json] [--yes] [--dry-run]

collect blobs unreachable from any root over lineage; --yes to delete,
otherwise list only

options:
  -h, --help       show this help message and exit
  --db PATH        substrate SQLite file
  --bundle PATH    gate bundle SQLite file
  --pin PATH       gate-bundle pin file
  --attest PATH    attestation file
  --log LEVEL      log level for the JSON records on stderr
  --json, --robot  emit exactly one JSON document on stdout
  --yes            required for the irreversible part of this command
  --dry-run        list collectable blobs and change nothing; this is the
                   default, spelled explicitly, and it is refused alongside
                   --yes

Structured output: add --json to any read-side command. Contract: cairn
capabilities --json. Agent handbook: cairn robot-docs.
