usage: cairn kat [-h] [--db PATH] [--bundle PATH] [--pin PATH] [--attest PATH]
                 [--log LEVEL] [--json] [--vectors VECTORS]
                 [{canon}]

run the canonicalizer known-answer vectors (a gate self-test); exit 2 on any
mismatch

positional arguments:
  {canon}

options:
  -h, --help         show this help message and exit
  --db PATH          substrate SQLite file
  --bundle PATH      gate bundle SQLite file
  --pin PATH         gate-bundle pin file
  --attest PATH      attestation file
  --log LEVEL        log level for the JSON records on stderr
  --json, --robot    emit exactly one JSON document on stdout
  --vectors VECTORS

Structured output: add --json to any read-side command. Contract: cairn
capabilities --json. Agent handbook: cairn robot-docs.
